強制更新ファイル文字列
リダイレクト文字列
